Downloading https://services.gradle.org/distributions/gradle-9.5.0-bin.zip
.............10%.............20%..............30%.............40%.............50%..............60%.............70%..............80%.............90%.............100%

Welcome to Gradle 9.5.0!

Here are the highlights of this release:
 - Task provenance in reports and failure messages
 - Type-safe accessors for precompiled Kotlin Settings plugins

For more details see https://docs.gradle.org/9.5.0/release-notes.html

Starting a Gradle Daemon (subsequent builds will be faster)
Calculating task graph as no cached configuration is available for tasks: assembleFreeDebug
> Task :buildSrc:checkKotlinGradlePluginConfigurationErrors SKIPPED
> Task :buildSrc:pluginDescriptors
> Task :buildSrc:processResources
> Task :buildSrc:compileKotlin
> Task :buildSrc:compileJava NO-SOURCE
> Task :buildSrc:compileGroovy NO-SOURCE
> Task :buildSrc:classes
> Task :buildSrc:jar

> Configure project :composeApp
w: file:///home/runner/work/qb-pr/qb-pr/composeApp/build.gradle.kts:277:17: 'var isRemoveUnusedCode: Boolean' is deprecated. Unused.
w: file:///home/runner/work/qb-pr/qb-pr/composeApp/build.gradle.kts:278:17: 'var isRemoveUnusedResources: Boolean' is deprecated. Unused.
w: file:///home/runner/work/qb-pr/qb-pr/composeApp/build.gradle.kts:279:17: 'var isObfuscate: Boolean' is deprecated. Unused.
w: file:///home/runner/work/qb-pr/qb-pr/composeApp/build.gradle.kts:280:17: 'var isOptimizeCode: Boolean' is deprecated. Unused.

> Configure project :preferences
w: file:///home/runner/work/qb-pr/qb-pr/preferences/build.gradle.kts:20:40: 'val material3: String' is deprecated. Specify dependency directly.
w: file:///home/runner/work/qb-pr/qb-pr/preferences/build.gradle.kts:21:40: 'val materialIconsExtended: String' is deprecated. This artifact is pinned to version 1.7.3 and will not receive updates. Either use this version explicitly or migrate to Material Symbols (vector resources). See https://kotlinlang.org/docs/multiplatform/whats-new-compose-180.html.

> Task :composeApp:copyLanguagesToAndroid
> Task :composeApp:generateLocalesConfig
> Task :composeApp:kmpPartiallyResolvedDependenciesChecker
> Task :composeApp:checkKotlinGradlePluginConfigurationErrors SKIPPED
> Task :composeApp:convertXmlValueResourcesForAndroidMain NO-SOURCE
> Task :composeApp:copyNonXmlValueResourcesForAndroidMain NO-SOURCE
> Task :composeApp:prepareComposeResourcesTaskForAndroidMain NO-SOURCE
> Task :composeApp:generateResourceAccessorsForAndroidMain NO-SOURCE
> Task :composeApp:convertXmlValueResourcesForCommonMain
> Task :composeApp:generateLanguageList
> Task :composeApp:preBuild
> Task :composeApp:preFreeDebugBuild
> Task :composeApp:mergeFreeDebugNativeDebugMetadata NO-SOURCE
> Task :composeApp:convertXmlValueResourcesForJvmMain NO-SOURCE
> Task :composeApp:copyNonXmlValueResourcesForJvmMain NO-SOURCE
> Task :composeApp:copyNonXmlValueResourcesForCommonMain
> Task :composeApp:prepareComposeResourcesTaskForJvmMain NO-SOURCE
> Task :composeApp:generateResourceAccessorsForJvmMain NO-SOURCE
> Task :composeApp:generateAndroidFreeDebugBuildConfigClasses SKIPPED
> Task :composeApp:prepareComposeResourcesTaskForCommonMain
> Task :composeApp:generateBuildConfigClasses
> Task :composeApp:generateComposeResClass
> Task :composeApp:generateExpectResourceCollectorsForCommonMain
> Task :composeApp:generateJvmMainBuildConfigClasses SKIPPED
> Task :composeApp:convertXmlValueResourcesForAndroidDebug NO-SOURCE
> Task :composeApp:copyNonXmlValueResourcesForAndroidDebug NO-SOURCE
> Task :composeApp:prepareComposeResourcesTaskForAndroidDebug NO-SOURCE
> Task :composeApp:generateResourceAccessorsForAndroidDebug NO-SOURCE
> Task :composeApp:convertXmlValueResourcesForAndroidFree NO-SOURCE
> Task :composeApp:copyNonXmlValueResourcesForAndroidFree NO-SOURCE
> Task :composeApp:prepareComposeResourcesTaskForAndroidFree NO-SOURCE
> Task :composeApp:generateResourceAccessorsForAndroidFree NO-SOURCE
> Task :composeApp:convertXmlValueResourcesForAndroidFreeDebug NO-SOURCE
> Task :composeApp:copyNonXmlValueResourcesForAndroidFreeDebug NO-SOURCE
> Task :composeApp:prepareComposeResourcesTaskForAndroidFreeDebug NO-SOURCE
> Task :composeApp:generateResourceAccessorsForAndroidFreeDebug NO-SOURCE
> Task :preferences:preBuild UP-TO-DATE
> Task :preferences:preDebugBuild UP-TO-DATE
> Task :preferences:writeDebugAarMetadata
> Task :composeApp:generateResourceAccessorsForCommonMain
> Task :composeApp:generateActualResourceCollectorsForAndroidMain
> Task :preferences:processDebugNavigationResources
> Task :composeApp:processFreeDebugNavigationResources
> Task :composeApp:checkFreeDebugAarMetadata
> Task :composeApp:generateFreeDebugResValues
> Task :preferences:convertXmlValueResourcesForAndroidDebug NO-SOURCE
> Task :preferences:copyNonXmlValueResourcesForAndroidDebug NO-SOURCE
> Task :preferences:prepareComposeResourcesTaskForAndroidDebug NO-SOURCE
> Task :preferences:convertXmlValueResourcesForAndroidMain NO-SOURCE
> Task :preferences:copyNonXmlValueResourcesForAndroidMain NO-SOURCE
> Task :preferences:prepareComposeResourcesTaskForAndroidMain NO-SOURCE
> Task :preferences:convertXmlValueResourcesForCommonMain NO-SOURCE
> Task :preferences:copyNonXmlValueResourcesForCommonMain NO-SOURCE
> Task :preferences:prepareComposeResourcesTaskForCommonMain NO-SOURCE
> Task :preferences:copyDebugComposeResourcesToAndroidAssets
> Task :preferences:generateDebugResValues
> Task :preferences:generateDebugResources
> Task :composeApp:generateFreeDebugResources
> Task :composeApp:copyFreeDebugComposeResourcesToAndroidAssets
> Task :composeApp:createFreeDebugCompatibleScreenManifests
> Task :composeApp:extractDeepLinksFreeDebug
> Task :preferences:extractDeepLinksDebug
> Task :composeApp:compileFreeDebugNavigationResources
> Task :preferences:packageDebugResources
> Task :preferences:processDebugManifest
> Task :composeApp:mapFreeDebugSourceSetPaths
> Task :composeApp:processFreeDebugMainManifest
> Task :composeApp:processFreeDebugManifest
> Task :composeApp:processFreeDebugManifestForPackage
> Task :preferences:parseDebugLocalResources
> Task :preferences:generateDebugRFile
> Task :preferences:kmpPartiallyResolvedDependenciesChecker
> Task :preferences:checkKotlinGradlePluginConfigurationErrors SKIPPED
> Task :preferences:generateResourceAccessorsForAndroidMain SKIPPED
> Task :preferences:generateResourceAccessorsForCommonMain SKIPPED
> Task :preferences:generateActualResourceCollectorsForAndroidMain SKIPPED
> Task :preferences:generateComposeResClass SKIPPED
> Task :preferences:generateExpectResourceCollectorsForCommonMain SKIPPED
> Task :preferences:generateResourceAccessorsForAndroidDebug SKIPPED
> Task :composeApp:mergeFreeDebugResources
> Task :composeApp:packageFreeDebugResources
> Task :composeApp:parseFreeDebugLocalResources
> Task :preferences:compileDebugLibraryResources
> Task :composeApp:processFreeDebugResources
> Task :preferences:javaPreCompileDebug
> Task :composeApp:javaPreCompileFreeDebug
> Task :composeApp:mergeFreeDebugShaders
> Task :composeApp:compileFreeDebugShaders NO-SOURCE
> Task :composeApp:freeDebugAssetsCopyForAGP NO-SOURCE
> Task :composeApp:generateFreeDebugAssets UP-TO-DATE
> Task :preferences:mergeDebugShaders
> Task :preferences:compileDebugShaders NO-SOURCE
> Task :preferences:debugAssetsCopyForAGP NO-SOURCE
> Task :preferences:generateDebugAssets UP-TO-DATE
> Task :preferences:mergeDebugAssets
> Task :composeApp:mergeFreeDebugAssets
> Task :composeApp:compressFreeDebugAssets
> Task :preferences:compileDebugKotlinAndroid
> Task :composeApp:l8DexDesugarLibFreeDebug
> Task :preferences:compileDebugJavaWithJavac NO-SOURCE
> Task :preferences:bundleLibCompileToJarDebug
> Task :composeApp:checkFreeDebugDuplicateClasses
> Task :composeApp:desugarFreeDebugFileDependencies
> Task :composeApp:compileFreeDebugKotlinAndroid
> Task :composeApp:mergeExtDexFreeDebug
> Task :preferences:bundleLibRuntimeToJarDebug
> Task :preferences:processDebugJavaRes
> Task :composeApp:mergeLibDexFreeDebug
> Task :composeApp:mergeFreeDebugJniLibFolders
> Task :preferences:mergeDebugJniLibFolders
> Task :preferences:mergeDebugNativeLibs NO-SOURCE
> Task :preferences:copyDebugJniLibsProjectOnly
> Task :composeApp:mergeFreeDebugNativeLibs

> Task :composeApp:stripFreeDebugDebugSymbols
Unable to strip the following libraries, packaging them as they are: libandroidx.graphics.path.so. Run with --info option to learn more.

> Task :composeApp:validateSigningFreeDebug
> Task :composeApp:writeFreeDebugAppMetadata
> Task :composeApp:writeFreeDebugSigningConfigVersions

> Task :composeApp:compileFreeDebugKotlinAndroid
e: file:///home/runner/work/qb-pr/qb-pr/composeApp/src/commonMain/kotlin/dev/bartuzen/qbitcontroller/ui/prowlarr/ProwlarrCategoryPicker.kt:446:1 Syntax error: Unclosed comment.
e: file:///home/runner/work/qb-pr/qb-pr/composeApp/src/commonMain/kotlin/dev/bartuzen/qbitcontroller/ui/prowlarr/search/ProwlarrSearchScreen.kt:102:48 Unresolved reference 'CategorySelectionSection'.
e: file:///home/runner/work/qb-pr/qb-pr/composeApp/src/commonMain/kotlin/dev/bartuzen/qbitcontroller/ui/prowlarr/search/ProwlarrSearchScreen.kt:103:48 Unresolved reference 'buildSiteSpecificGroups'.
e: file:///home/runner/work/qb-pr/qb-pr/composeApp/src/commonMain/kotlin/dev/bartuzen/qbitcontroller/ui/prowlarr/search/ProwlarrSearchScreen.kt:104:48 Unresolved reference 'buildStandardCategoryGroups'.
e: file:///home/runner/work/qb-pr/qb-pr/composeApp/src/commonMain/kotlin/dev/bartuzen/qbitcontroller/ui/prowlarr/search/ProwlarrSearchScreen.kt:256:34 Cannot infer type for type parameter 'T'. Specify it explicitly.
e: file:///home/runner/work/qb-pr/qb-pr/composeApp/src/commonMain/kotlin/dev/bartuzen/qbitcontroller/ui/prowlarr/search/ProwlarrSearchScreen.kt:256:64 Unresolved reference 'buildStandardCategoryGroups'.
e: file:///home/runner/work/qb-pr/qb-pr/composeApp/src/commonMain/kotlin/dev/bartuzen/qbitcontroller/ui/prowlarr/search/ProwlarrSearchScreen.kt:259:38 Cannot infer type for type parameter 'T'. Specify it explicitly.
e: file:///home/runner/work/qb-pr/qb-pr/composeApp/src/commonMain/kotlin/dev/bartuzen/qbitcontroller/ui/prowlarr/search/ProwlarrSearchScreen.kt:259:68 Unresolved reference 'buildSiteSpecificGroups'.
e: file:///home/runner/work/qb-pr/qb-pr/composeApp/src/commonMain/kotlin/dev/bartuzen/qbitcontroller/ui/prowlarr/search/ProwlarrSearchScreen.kt:269:87 Unresolved reference 'it'.
e: file:///home/runner/work/qb-pr/qb-pr/composeApp/src/commonMain/kotlin/dev/bartuzen/qbitcontroller/ui/prowlarr/search/ProwlarrSearchScreen.kt:270:43 Cannot infer type for type parameter 'T'. Specify it explicitly.
e: file:///home/runner/work/qb-pr/qb-pr/composeApp/src/commonMain/kotlin/dev/bartuzen/qbitcontroller/ui/prowlarr/search/ProwlarrSearchScreen.kt:270:61 Unresolved reference 'it'.
e: file:///home/runner/work/qb-pr/qb-pr/composeApp/src/commonMain/kotlin/dev/bartuzen/qbitcontroller/ui/prowlarr/search/ProwlarrSearchScreen.kt:271:47 Cannot infer type for type parameter 'T'. Specify it explicitly.
e: file:///home/runner/work/qb-pr/qb-pr/composeApp/src/commonMain/kotlin/dev/bartuzen/qbitcontroller/ui/prowlarr/search/ProwlarrSearchScreen.kt:271:65 Cannot infer type for value parameter 'group'. Specify it explicitly.
e: file:///home/runner/work/qb-pr/qb-pr/composeApp/src/commonMain/kotlin/dev/bartuzen/qbitcontroller/ui/prowlarr/search/ProwlarrSearchScreen.kt:271:80 Unresolved reference 'subCategories'.
e: file:///home/runner/work/qb-pr/qb-pr/composeApp/src/commonMain/kotlin/dev/bartuzen/qbitcontroller/ui/prowlarr/search/ProwlarrSearchScreen.kt:271:100 Unresolved reference 'it'.
e: file:///home/runner/work/qb-pr/qb-pr/composeApp/src/commonMain/kotlin/dev/bartuzen/qbitcontroller/ui/prowlarr/search/ProwlarrSearchScreen.kt:272:47 Unresolved reference 'not' for operator '!'.
e: file:///home/runner/work/qb-pr/qb-pr/composeApp/src/commonMain/kotlin/dev/bartuzen/qbitcontroller/ui/prowlarr/search/ProwlarrSearchScreen.kt:273:47 Unresolved reference 'not' for operator '!'.
e: file:///home/runner/work/qb-pr/qb-pr/composeApp/src/commonMain/kotlin/dev/bartuzen/qbitcontroller/ui/prowlarr/search/ProwlarrSearchScreen.kt:510:17 Unresolved reference 'CategorySelectionSection'.
e: file:///home/runner/work/qb-pr/qb-pr/composeApp/src/commonMain/kotlin/dev/bartuzen/qbitcontroller/ui/prowlarr/search/ProwlarrSearchScreen.kt:512:68 Unresolved reference 'it'.
e: file:///home/runner/work/qb-pr/qb-pr/composeApp/src/commonMain/kotlin/dev/bartuzen/qbitcontroller/ui/prowlarr/search/ProwlarrSearchScreen.kt:517:47 Cannot infer type for value parameter 'id'. Specify it explicitly.
e: file:///home/runner/work/qb-pr/qb-pr/composeApp/src/commonMain/kotlin/dev/bartuzen/qbitcontroller/ui/prowlarr/search/ProwlarrSearchScreen.kt:524:54 Cannot infer type for value parameter 'id'. Specify it explicitly.
e: file:///home/runner/work/qb-pr/qb-pr/composeApp/src/commonMain/kotlin/dev/bartuzen/qbitcontroller/ui/prowlarr/search/ProwlarrSearchScreen.kt:532:45 Cannot infer type for value parameter 'id'. Specify it explicitly.
e: file:///home/runner/work/qb-pr/qb-pr/composeApp/src/commonMain/kotlin/dev/bartuzen/qbitcontroller/ui/prowlarr/search/ProwlarrSearchScreen.kt:540:45 Cannot infer type for value parameter 'id'. Specify it explicitly.
e: file:///home/runner/work/qb-pr/qb-pr/composeApp/src/commonMain/kotlin/dev/bartuzen/qbitcontroller/ui/settings/prowlarr/download/ProwlarrDownloadDefaultsScreen.kt:75:48 Unresolved reference 'CategorySelectionSection'.
e: file:///home/runner/work/qb-pr/qb-pr/composeApp/src/commonMain/kotlin/dev/bartuzen/qbitcontroller/ui/settings/prowlarr/download/ProwlarrDownloadDefaultsScreen.kt:76:48 Unresolved reference 'IndexerCategoryGroup'.
e: file:///home/runner/work/qb-pr/qb-pr/composeApp/src/commonMain/kotlin/dev/bartuzen/qbitcontroller/ui/settings/prowlarr/download/ProwlarrDownloadDefaultsScreen.kt:77:48 Unresolved reference 'buildSiteSpecificGroups'.
e: file:///home/runner/work/qb-pr/qb-pr/composeApp/src/commonMain/kotlin/dev/bartuzen/qbitcontroller/ui/settings/prowlarr/download/ProwlarrDownloadDefaultsScreen.kt:78:48 Unresolved reference 'buildStandardCategoryGroups'.
e: file:///home/runner/work/qb-pr/qb-pr/composeApp/src/commonMain/kotlin/dev/bartuzen/qbitcontroller/ui/settings/prowlarr/download/ProwlarrDownloadDefaultsScreen.kt:256:34 Cannot infer type for type parameter 'T'. Specify it explicitly.
e: file:///home/runner/work/qb-pr/qb-pr/composeApp/src/commonMain/kotlin/dev/bartuzen/qbitcontroller/ui/settings/prowlarr/download/ProwlarrDownloadDefaultsScreen.kt:256:55 Unresolved reference 'buildStandardCategoryGroups'.
e: file:///home/runner/work/qb-pr/qb-pr/composeApp/src/commonMain/kotlin/dev/bartuzen/qbitcontroller/ui/settings/prowlarr/download/ProwlarrDownloadDefaultsScreen.kt:257:38 Cannot infer type for type parameter 'T'. Specify it explicitly.
e: file:///home/runner/work/qb-pr/qb-pr/composeApp/src/commonMain/kotlin/dev/bartuzen/qbitcontroller/ui/settings/prowlarr/download/ProwlarrDownloadDefaultsScreen.kt:257:59 Unresolved reference 'buildSiteSpecificGroups'.
e: file:///home/runner/work/qb-pr/qb-pr/composeApp/src/commonMain/kotlin/dev/bartuzen/qbitcontroller/ui/settings/prowlarr/download/ProwlarrDownloadDefaultsScreen.kt:804:37 Unresolved reference 'IndexerCategoryGroup'.
e: file:///home/runner/work/qb-pr/qb-pr/composeApp/src/commonMain/kotlin/dev/bartuzen/qbitcontroller/ui/settings/prowlarr/download/ProwlarrDownloadDefaultsScreen.kt:842:29 Cannot infer type for type parameter 'T'. Specify it explicitly.
e: file:///home/runner/work/qb-pr/qb-pr/composeApp/src/commonMain/kotlin/dev/bartuzen/qbitcontroller/ui/settings/prowlarr/download/ProwlarrDownloadDefaultsScreen.kt:843:62 Unresolved reference 'it'.
e: file:///home/runner/work/qb-pr/qb-pr/composeApp/src/commonMain/kotlin/dev/bartuzen/qbitcontroller/ui/settings/prowlarr/download/ProwlarrDownloadDefaultsScreen.kt:847:52 Cannot infer type for value parameter 'group'. Specify it explicitly.
e: file:///home/runner/work/qb-pr/qb-pr/composeApp/src/commonMain/kotlin/dev/bartuzen/qbitcontroller/ui/settings/prowlarr/download/ProwlarrDownloadDefaultsScreen.kt:847:61 Cannot infer type for type parameter 'T'. Specify it explicitly.
e: file:///home/runner/work/qb-pr/qb-pr/composeApp/src/commonMain/kotlin/dev/bartuzen/qbitcontroller/ui/settings/prowlarr/download/ProwlarrDownloadDefaultsScreen.kt:847:74 Unresolved reference 'id'.
e: file:///home/runner/work/qb-pr/qb-pr/composeApp/src/commonMain/kotlin/dev/bartuzen/qbitcontroller/ui/settings/prowlarr/download/ProwlarrDownloadDefaultsScreen.kt:847:86 Unresolved reference 'subCategories'.
e: file:///home/runner/work/qb-pr/qb-pr/composeApp/src/commonMain/kotlin/dev/bartuzen/qbitcontroller/ui/settings/prowlarr/download/ProwlarrDownloadDefaultsScreen.kt:847:106 Unresolved reference 'it'.
e: file:///home/runner/work/qb-pr/qb-pr/composeApp/src/commonMain/kotlin/dev/bartuzen/qbitcontroller/ui/settings/prowlarr/download/ProwlarrDownloadDefaultsScreen.kt:856:76 Unresolved reference 'it'.
e: file:///home/runner/work/qb-pr/qb-pr/composeApp/src/commonMain/kotlin/dev/bartuzen/qbitcontroller/ui/settings/prowlarr/download/ProwlarrDownloadDefaultsScreen.kt:860:37 Cannot infer type for value parameter 'group'. Specify it explicitly.
e: file:///home/runner/work/qb-pr/qb-pr/composeApp/src/commonMain/kotlin/dev/bartuzen/qbitcontroller/ui/settings/prowlarr/download/ProwlarrDownloadDefaultsScreen.kt:860:52 Unresolved reference 'subCategories'.
e: file:///home/runner/work/qb-pr/qb-pr/composeApp/src/commonMain/kotlin/dev/bartuzen/qbitcontroller/ui/settings/prowlarr/download/ProwlarrDownloadDefaultsScreen.kt:860:72 Unresolved reference 'it'.
e: file:///home/runner/work/qb-pr/qb-pr/composeApp/src/commonMain/kotlin/dev/bartuzen/qbitcontroller/ui/settings/prowlarr/download/ProwlarrDownloadDefaultsScreen.kt:936:17 Unresolved reference 'CategorySelectionSection'.
e: file:///home/runner/work/qb-pr/qb-pr/composeApp/src/commonMain/kotlin/dev/bartuzen/qbitcontroller/ui/settings/prowlarr/download/ProwlarrDownloadDefaultsScreen.kt:938:61 Unresolved reference 'it'.
e: file:///home/runner/work/qb-pr/qb-pr/composeApp/src/commonMain/kotlin/dev/bartuzen/qbitcontroller/ui/settings/prowlarr/download/ProwlarrDownloadDefaultsScreen.kt:943:47 Cannot infer type for value parameter 'id'. Specify it explicitly.
e: file:///home/runner/work/qb-pr/qb-pr/composeApp/src/commonMain/kotlin/dev/bartuzen/qbitcontroller/ui/settings/prowlarr/download/ProwlarrDownloadDefaultsScreen.kt:946:54 Cannot infer type for value parameter 'id'. Specify it explicitly.
e: file:///home/runner/work/qb-pr/qb-pr/composeApp/src/commonMain/kotlin/dev/bartuzen/qbitcontroller/ui/settings/prowlarr/download/ProwlarrDownloadDefaultsScreen.kt:954:45 Cannot infer type for value parameter 'id'. Specify it explicitly.
e: file:///home/runner/work/qb-pr/qb-pr/composeApp/src/commonMain/kotlin/dev/bartuzen/qbitcontroller/ui/settings/prowlarr/download/ProwlarrDownloadDefaultsScreen.kt:963:45 Cannot infer type for value parameter 'id'. Specify it explicitly.

> Task :composeApp:compileFreeDebugKotlinAndroid FAILED
gradle/actions: Writing build results to /home/runner/work/_temp/.gradle-actions/build-results/build-1786780785201.json

[Incubating] Problems report is available at: file:///home/runner/work/qb-pr/qb-pr/build/reports/problems/problems-report.html

FAILURE: Build failed with an exception.

* What went wrong:
Execution failed for task ':composeApp:compileFreeDebugKotlinAndroid' (registered in build file 'composeApp/build.gradle.kts').
> A failure occurred while executing org.jetbrains.kotlin.compilerRunner.btapi.BuildToolsApiCompilationWork
   > Compilation error. See log for more details

* Try:
> Run with --stacktrace option to get the stack trace.
> Run with --info or --debug option to get more log output.
> Run with --scan to get full insights from a Build Scan (powered by Develocity).
> Get more help at https://help.gradle.org.

Deprecated Gradle features were used in this build, making it incompatible with Gradle 10.

You can use '--warning-mode all' to show the individual deprecation warnings and determine if they come from your own scripts or plugins.

For more on this, please refer to https://docs.gradle.org/9.5.0/userguide/command_line_interface.html#sec:command_line_warnings in the Gradle documentation.

BUILD FAILED in 7m 48s
69 actionable tasks: 69 executed
Configuration cache entry stored.
