=== Secret shape ===
Total length (wc -c): 0
Newline count: 0
CR count: 0
Contains '-': 0
Contains '_': 0

=== bash base64 -d + keytool ===
bash decode exit: 0
Decoded file size: 0
stderr: 
keytool error: java.lang.Exception: Keystore file exists, but is empty: /tmp/bash-decoded.jks

=== Kotlin Base64.decode via Gradle task ===
Downloading https://services.gradle.org/distributions/gradle-9.5.0-bin.zip
.............10%.............20%..............30%.............40%.............50%..............60%.............70%..............80%.............90%.............100%

Welcome to Gradle 9.5.0!

Here are the highlights of this release:
 - Task provenance in reports and failure messages
 - Type-safe accessors for precompiled Kotlin Settings plugins

For more details see https://docs.gradle.org/9.5.0/release-notes.html

Starting a Gradle Daemon (subsequent builds will be faster)
Calculating task graph as no cached configuration is available for tasks: :composeApp:debugDecodeKeystore
> Task :buildSrc:checkKotlinGradlePluginConfigurationErrors SKIPPED
> Task :buildSrc:pluginDescriptors
> Task :buildSrc:processResources
> Task :buildSrc:compileKotlin
> Task :buildSrc:compileJava NO-SOURCE
> Task :buildSrc:compileGroovy NO-SOURCE
> Task :buildSrc:classes
> Task :buildSrc:jar

> Configure project :composeApp
w: file:///home/runner/work/qBitController-pr/qBitController-pr/composeApp/build.gradle.kts:277:17: 'var isRemoveUnusedCode: Boolean' is deprecated. Unused.
w: file:///home/runner/work/qBitController-pr/qBitController-pr/composeApp/build.gradle.kts:278:17: 'var isRemoveUnusedResources: Boolean' is deprecated. Unused.
w: file:///home/runner/work/qBitController-pr/qBitController-pr/composeApp/build.gradle.kts:279:17: 'var isObfuscate: Boolean' is deprecated. Unused.
w: file:///home/runner/work/qBitController-pr/qBitController-pr/composeApp/build.gradle.kts:280:17: 'var isOptimizeCode: Boolean' is deprecated. Unused.
e: file:///home/runner/work/qBitController-pr/qBitController-pr/composeApp/build.gradle.kts:515:20: Unresolved reference 'io'.
w: file:///home/runner/work/qBitController-pr/qBitController-pr/composeApp/build.gradle.kts:520:13: Condition is always 'false'.
e: file:///home/runner/work/qBitController-pr/qBitController-pr/composeApp/build.gradle.kts:521:62: Unresolved reference 'size'.
w: ⚠️ Missing `androidTarget()` in Kotlin Multiplatform Project
Missing `androidTarget()` Kotlin target in multiplatform project 'composeApp (:composeApp)'.
The Android Gradle plugin was applied without creating a corresponding `androidTarget()` Kotlin Target
```
plugins {
    id("com.android.application")
    kotlin("multiplatform")
}

kotlin {
    androidTarget() // <-- please register this Android target
}
```
Solution: Please register the Android target.


[Incubating] Problems report is available at: file:///home/runner/work/qBitController-pr/qBitController-pr/build/reports/problems/problems-report.html

FAILURE: Build failed with an exception.

* Where:
Build file '/home/runner/work/qBitController-pr/qBitController-pr/composeApp/build.gradle.kts' line: 277

* What went wrong:
Script compilation errors:

  Line 277:                 isRemoveUnusedCode = true
                            ^ 'var isRemoveUnusedCode: Boolean' is deprecated. Unused.

  Line 278:                 isRemoveUnusedResources = true
                            ^ 'var isRemoveUnusedResources: Boolean' is deprecated. Unused.

  Line 279:                 isObfuscate = false
                            ^ 'var isObfuscate: Boolean' is deprecated. Unused.

  Line 280:                 isOptimizeCode = true
                            ^ 'var isOptimizeCode: Boolean' is deprecated. Unused.

  Line 515:             kotlin.io.encoding.Base64.decode(ks)
                               ^ Unresolved reference 'io'.

  Line 520:         if (decoded != null) {
                        ^ Condition is always 'false'.

  Line 521:             println("KOTLIN_DECODE_SUCCEEDED bytes=${decoded.size}")
                                                                         ^ Unresolved reference 'size'.

7 errors

* Try:
> Run with --stacktrace option to get the stack trace.
> Run with --info or --debug option to get more log output.
> Run with --scan to get full insights from a Build Scan (powered by Develocity).
> Get more help at https://help.gradle.org.

Deprecated Gradle features were used in this build, making it incompatible with Gradle 10.

You can use '--warning-mode all' to show the individual deprecation warnings and determine if they come from your own scripts or plugins.

For more on this, please refer to https://docs.gradle.org/9.5.0/userguide/command_line_interface.html#sec:command_line_warnings in the Gradle documentation.

BUILD FAILED in 1m 35s
4 actionable tasks: 4 executed
Configuration cache entry stored.
No kotlin-decoded.jks produced
